// Jest Snapshot v1, https://goo.gl/fbAQLP

exports[`Pagination should render 1`] = `
{
  "asFragment": [Function],
  "baseElement": <body>
    <div>
      <div
        class=""
      >
        <button
          class="interactive-btn"
          data-testid="back"
        >
          <svg
            fill="none"
            height="16"
            viewBox="0 0 9 16"
            width="9"
            xmlns="http://www.w3.org/2000/svg"
          >
            <path
              d="M9 2.2L3.3 8L9 13.7L7.8 16L0 8L7.8 0L9 2.2Z"
              fill="#FFC85E"
            />
          </svg>
        </button>
        <ul>
          <li>
            <button
              class="undefined interactive-btn"
            >
              1
            </button>
          </li>
          <li>
            <button
              class="interactive-btn"
            >
              2
            </button>
          </li>
        </ul>
        <button
          class="interactive-btn"
          data-testid="forward"
        >
          <svg
            fill="none"
            height="16"
            viewBox="0 0 9 16"
            width="9"
            xmlns="http://www.w3.org/2000/svg"
          >
            <path
              d="M9 2.2L3.3 8L9 13.7L7.8 16L0 8L7.8 0L9 2.2Z"
              fill="#FFC85E"
            />
          </svg>
        </button>
      </div>
    </div>
  </body>,
  "container": <div>
    <div
      class=""
    >
      <button
        class="interactive-btn"
        data-testid="back"
      >
        <svg
          fill="none"
          height="16"
          viewBox="0 0 9 16"
          width="9"
          xmlns="http://www.w3.org/2000/svg"
        >
          <path
            d="M9 2.2L3.3 8L9 13.7L7.8 16L0 8L7.8 0L9 2.2Z"
            fill="#FFC85E"
          />
        </svg>
      </button>
      <ul>
        <li>
          <button
            class="undefined interactive-btn"
          >
            1
          </button>
        </li>
        <li>
          <button
            class="interactive-btn"
          >
            2
          </button>
        </li>
      </ul>
      <button
        class="interactive-btn"
        data-testid="forward"
      >
        <svg
          fill="none"
          height="16"
          viewBox="0 0 9 16"
          width="9"
          xmlns="http://www.w3.org/2000/svg"
        >
          <path
            d="M9 2.2L3.3 8L9 13.7L7.8 16L0 8L7.8 0L9 2.2Z"
            fill="#FFC85E"
          />
        </svg>
      </button>
    </div>
  </div>,
  "debug": [Function],
  "findAllByAltText": [Function],
  "findAllByDisplayValue": [Function],
  "findAllByLabelText": [Function],
  "findAllByPlaceholderText": [Function],
  "findAllByRole": [Function],
  "findAllByTestId": [Function],
  "findAllByText": [Function],
  "findAllByTitle": [Function],
  "findByAltText": [Function],
  "findByDisplayValue": [Function],
  "findByLabelText": [Function],
  "findByPlaceholderText": [Function],
  "findByRole": [Function],
  "findByTestId": [Function],
  "findByText": [Function],
  "findByTitle": [Function],
  "getAllByAltText": [Function],
  "getAllByDisplayValue": [Function],
  "getAllByLabelText": [Function],
  "getAllByPlaceholderText": [Function],
  "getAllByRole": [Function],
  "getAllByTestId": [Function],
  "getAllByText": [Function],
  "getAllByTitle": [Function],
  "getByAltText": [Function],
  "getByDisplayValue": [Function],
  "getByLabelText": [Function],
  "getByPlaceholderText": [Function],
  "getByRole": [Function],
  "getByTestId": [Function],
  "getByText": [Function],
  "getByTitle": [Function],
  "queryAllByAltText": [Function],
  "queryAllByDisplayValue": [Function],
  "queryAllByLabelText": [Function],
  "queryAllByPlaceholderText": [Function],
  "queryAllByRole": [Function],
  "queryAllByTestId": [Function],
  "queryAllByText": [Function],
  "queryAllByTitle": [Function],
  "queryByAltText": [Function],
  "queryByDisplayValue": [Function],
  "queryByLabelText": [Function],
  "queryByPlaceholderText": [Function],
  "queryByRole": [Function],
  "queryByTestId": [Function],
  "queryByText": [Function],
  "queryByTitle": [Function],
  "rerender": [Function],
  "unmount": [Function],
}
`;
